 d3dUtility

 Timestamp is 55af96bc (Wed Jul 22 21:12:28 2015)

 Preferred load address is 10000000

 Start         Length     Name                   Class
 0001:00000000 000013b0H .text                   CODE
 0001:000013b0 00000029H .text$x                 CODE
 0001:000013e0 000005a5H .text$yc                CODE
 0002:00000000 000000b0H .idata$5                DATA
 0002:000000b0 00000004H .CRT$XCA                DATA
 0002:000000b4 00000034H .CRT$XCU                DATA
 0002:000000e8 00000004H .CRT$XCZ                DATA
 0002:000000ec 00000004H .CRT$XIA                DATA
 0002:000000f0 00000004H .CRT$XIAA               DATA
 0002:000000f4 00000004H .CRT$XIZ                DATA
 0002:00000100 000000f8H .rdata                  DATA
 0002:000001f8 00000034H .rdata$debug            DATA
 0002:00000230 00000008H .rdata$sxdata           DATA
 0002:00000238 00000004H .rtc$IAA                DATA
 0002:0000023c 00000004H .rtc$IZZ                DATA
 0002:00000240 00000004H .rtc$TAA                DATA
 0002:00000244 00000004H .rtc$TZZ                DATA
 0002:00000248 00000094H .xdata$x                DATA
 0002:000002dc 00000064H .idata$2                DATA
 0002:00000340 00000014H .idata$3                DATA
 0002:00000354 000000b0H .idata$4                DATA
 0002:00000404 00000310H .idata$6                DATA
 0002:00000720 0000020bH .edata                  DATA
 0003:00000000 00000010H .data                   DATA
 0003:00000010 00000534H .bss                    DATA

  Address         Publics by Value              Rva+Base       Lib:Object

 0000:00000000       __except_list              00000000     <absolute>
 0000:00000002       ___safe_se_handler_count   00000002     <absolute>
 0000:00009876       __ldused                   00009876     <absolute>
 0000:00009876       __fltused                  00009876     <absolute>
 0000:00000000       ___ImageBase               10000000     <linker-defined>
 0001:00000000       ?xColorToValue@MyD3D@@YA?AU_D3DCOLORVALUE@@UD3DXCOLOR@@@Z 10001000 f   d3dUtility.obj
 0001:00000040       ?InitD3D@MyD3D@@YA_NPAUHINSTANCE__@@PAUHWND__@@HH_NW4_D3DDEVTYPE@@PAPAUIDirect3DDevice9@@@Z 10001040 f   d3dUtility.obj
 0001:00000200       ?EnterMsgLoop@MyD3D@@YAHP6A_NM@Z@Z 10001200 f   d3dUtility.obj
 0001:00000300       ?InitMtrl@MyD3D@@YA?AU_D3DMATERIAL9@@UD3DXCOLOR@@000M@Z 10001300 f   d3dUtility.obj
 0001:000004c0       ?InitDirectjonalLight@MyD3D@@YA?AU_D3DLIGHT9@@PAUD3DXVECTOR3@@PAUD3DXCOLOR@@@Z 100014c0 f   d3dUtility.obj
 0001:00000680       ?InitPointLight@MyD3D@@YA?AU_D3DLIGHT9@@PAUD3DXVECTOR3@@PAUD3DXCOLOR@@@Z 10001680 f   d3dUtility.obj
 0001:00000850       ?InitSpotLight@MyD3D@@YA?AU_D3DLIGHT9@@PAUD3DXVECTOR3@@0PAUD3DXCOLOR@@@Z 10001850 f   d3dUtility.obj
 0001:00000a50       ??DD3DXCOLOR@@QBE?AU0@M@Z  10001a50 f i d3dUtility.obj
 0001:00000ac0       ??0D3DXCOLOR@@QAE@MMMM@Z   10001ac0 f i d3dUtility.obj
 0001:00000b00       ??0D3DXCOLOR@@QAE@I@Z      10001b00 f i d3dUtility.obj
 0001:00000b76       _MessageBoxA@16            10001b76 f   user32:USER32.dll
 0001:00000b7c       _DispatchMessageA@4        10001b7c f   user32:USER32.dll
 0001:00000b82       _TranslateMessage@4        10001b82 f   user32:USER32.dll
 0001:00000b88       _PeekMessageA@20           10001b88 f   user32:USER32.dll
 0001:00000b8e       _Direct3DCreate9@4         10001b8e f   d3d9:d3d9.dll
 0001:00000b94       _timeGetTime@0             10001b94 f   winmm:WINMM.dll
 0001:00000ba0       _memset                    10001ba0 f   MSVCRT:MSVCR80.dll
 0001:00000ba6       ___CxxFrameHandler3        10001ba6 f   MSVCRT:MSVCR80.dll
 0001:00000bac       @__security_check_cookie@4 10001bac f   MSVCRT:secchk.obj
 0001:00000bbb       _NtCurrentTeb              10001bbb f i MSVCRT:crtdll.obj
 0001:00000c0f       __CRT_INIT@12              10001c0f f   MSVCRT:crtdll.obj
 0001:00000ec4       __DllMainCRTStartup@12     10001ec4 f   MSVCRT:crtdll.obj
 0001:00000ee5       ___report_gsfailure        10001ee5 f   MSVCRT:gs_report.obj
 0001:00000fe9       ___clean_type_info_names   10001fe9 f   MSVCRT:tncleanup.obj
 0001:00000ff5       __onexit                   10001ff5 f   MSVCRT:atonexit.obj
 0001:00001094       _atexit                    10002094 f   MSVCRT:atonexit.obj
 0001:000010a6       __RTC_Initialize           100020a6 f   MSVCRT:initsect.obj
 0001:000010ca       __RTC_Terminate            100020ca f   MSVCRT:initsect.obj
 0001:000010ee       __encode_pointer           100020ee f   MSVCRT:MSVCR80.dll
 0001:000010f4       __malloc_crt               100020f4 f   MSVCRT:MSVCR80.dll
 0001:000010fa       __encoded_null             100020fa f   MSVCRT:MSVCR80.dll
 0001:00001100       _free                      10002100 f   MSVCRT:MSVCR80.dll
 0001:00001106       __decode_pointer           10002106 f   MSVCRT:MSVCR80.dll
 0001:00001110       __ValidateImageBase        10002110 f   MSVCRT:pesect.obj
 0001:00001140       __FindPESection            10002140 f   MSVCRT:pesect.obj
 0001:00001182       __IsNonwritableInCurrentImage 10002182 f   MSVCRT:pesect.obj
 0001:000011ee       __initterm                 100021ee f   MSVCRT:MSVCR80.dll
 0001:000011f4       __initterm_e               100021f4 f   MSVCRT:MSVCR80.dll
 0001:000011fa       __amsg_exit                100021fa f   MSVCRT:MSVCR80.dll
 0001:00001200       ___CppXcptFilter           10002200 f   MSVCRT:MSVCR80.dll
 0001:00001206       _DllMain@12                10002206 f   MSVCRT:dllmain.obj
 0001:00001228       __SEH_prolog4              10002228 f   MSVCRT:sehprolg4.obj
 0001:0000126d       __SEH_epilog4              1000226d f   MSVCRT:sehprolg4.obj
 0001:00001281       __except_handler4          10002281 f   MSVCRT:chandler4gs.obj
 0001:000012a4       ___security_init_cookie    100022a4 f   MSVCRT:gs_support.obj
 0001:00001338       __crt_debugger_hook        10002338 f   MSVCRT:MSVCR80.dll
 0001:0000133e       ___clean_type_info_names_internal 1000233e f   MSVCRT:MSVCR80.dll
 0001:00001344       __unlock                   10002344 f   MSVCRT:MSVCR80.dll
 0001:0000134a       ___dllonexit               1000234a f   MSVCRT:MSVCR80.dll
 0001:00001350       __lock                     10002350 f   MSVCRT:MSVCR80.dll
 0001:00001356       __except_handler4_common   10002356 f   MSVCRT:MSVCR80.dll
 0001:0000135c       _InterlockedExchange@8     1000235c f   kernel32:KERNEL32.dll
 0001:00001362       _Sleep@4                   10002362 f   kernel32:KERNEL32.dll
 0001:00001368       _InterlockedCompareExchange@12 10002368 f   kernel32:KERNEL32.dll
 0001:0000136e       _TerminateProcess@8        1000236e f   kernel32:KERNEL32.dll
 0001:00001374       _GetCurrentProcess@0       10002374 f   kernel32:KERNEL32.dll
 0001:0000137a       _UnhandledExceptionFilter@4 1000237a f   kernel32:KERNEL32.dll
 0001:00001380       _SetUnhandledExceptionFilter@4 10002380 f   kernel32:KERNEL32.dll
 0001:00001386       _IsDebuggerPresent@0       10002386 f   kernel32:KERNEL32.dll
 0001:0000138c       _DisableThreadLibraryCalls@4 1000238c f   kernel32:KERNEL32.dll
 0001:00001392       _QueryPerformanceCounter@4 10002392 f   kernel32:KERNEL32.dll
 0001:00001398       _GetTickCount@0            10002398 f   kernel32:KERNEL32.dll
 0001:0000139e       _GetCurrentThreadId@0      1000239e f   kernel32:KERNEL32.dll
 0001:000013a4       _GetCurrentProcessId@0     100023a4 f   kernel32:KERNEL32.dll
 0001:000013aa       _GetSystemTimeAsFileTime@4 100023aa f   kernel32:KERNEL32.dll
 0002:00000000       __imp__GetSystemTimeAsFileTime@4 10003000     kernel32:KERNEL32.dll
 0002:00000004       __imp__GetCurrentProcessId@0 10003004     kernel32:KERNEL32.dll
 0002:00000008       __imp__GetCurrentThreadId@0 10003008     kernel32:KERNEL32.dll
 0002:0000000c       __imp__GetTickCount@0      1000300c     kernel32:KERNEL32.dll
 0002:00000010       __imp__QueryPerformanceCounter@4 10003010     kernel32:KERNEL32.dll
 0002:00000014       __imp__DisableThreadLibraryCalls@4 10003014     kernel32:KERNEL32.dll
 0002:00000018       __imp__IsDebuggerPresent@0 10003018     kernel32:KERNEL32.dll
 0002:0000001c       __imp__SetUnhandledExceptionFilter@4 1000301c     kernel32:KERNEL32.dll
 0002:00000020       __imp__GetCurrentProcess@0 10003020     kernel32:KERNEL32.dll
 0002:00000024       __imp__TerminateProcess@8  10003024     kernel32:KERNEL32.dll
 0002:00000028       __imp__InterlockedCompareExchange@12 10003028     kernel32:KERNEL32.dll
 0002:0000002c       __imp__Sleep@4             1000302c     kernel32:KERNEL32.dll
 0002:00000030       __imp__InterlockedExchange@8 10003030     kernel32:KERNEL32.dll
 0002:00000034       __imp__UnhandledExceptionFilter@4 10003034     kernel32:KERNEL32.dll
 0002:00000038       \177KERNEL32_NULL_THUNK_DATA 10003038     kernel32:KERNEL32.dll
 0002:0000003c       __imp___decode_pointer     1000303c     MSVCRT:MSVCR80.dll
 0002:00000040       __imp___initterm           10003040     MSVCRT:MSVCR80.dll
 0002:00000044       __imp__free                10003044     MSVCRT:MSVCR80.dll
 0002:00000048       __imp___amsg_exit          10003048     MSVCRT:MSVCR80.dll
 0002:0000004c       __imp___adjust_fdiv        1000304c     MSVCRT:MSVCR80.dll
 0002:00000050       __imp____CppXcptFilter     10003050     MSVCRT:MSVCR80.dll
 0002:00000054       __imp___crt_debugger_hook  10003054     MSVCRT:MSVCR80.dll
 0002:00000058       __imp____clean_type_info_names_internal 10003058     MSVCRT:MSVCR80.dll
 0002:0000005c       __imp___unlock             1000305c     MSVCRT:MSVCR80.dll
 0002:00000060       __imp____dllonexit         10003060     MSVCRT:MSVCR80.dll
 0002:00000064       __imp___lock               10003064     MSVCRT:MSVCR80.dll
 0002:00000068       __imp___onexit             10003068     MSVCRT:MSVCR80.dll
 0002:0000006c       __imp___except_handler4_common 1000306c     MSVCRT:MSVCR80.dll
 0002:00000070       __imp___encoded_null       10003070     MSVCRT:MSVCR80.dll
 0002:00000074       __imp___malloc_crt         10003074     MSVCRT:MSVCR80.dll
 0002:00000078       __imp___encode_pointer     10003078     MSVCRT:MSVCR80.dll
 0002:0000007c       __imp____CxxFrameHandler3  1000307c     MSVCRT:MSVCR80.dll
 0002:00000080       __imp__memset              10003080     MSVCRT:MSVCR80.dll
 0002:00000084       __imp___initterm_e         10003084     MSVCRT:MSVCR80.dll
 0002:00000088       \177MSVCR80_NULL_THUNK_DATA 10003088     MSVCRT:MSVCR80.dll
 0002:0000008c       __imp__DispatchMessageA@4  1000308c     user32:USER32.dll
 0002:00000090       __imp__TranslateMessage@4  10003090     user32:USER32.dll
 0002:00000094       __imp__PeekMessageA@20     10003094     user32:USER32.dll
 0002:00000098       __imp__MessageBoxA@16      10003098     user32:USER32.dll
 0002:0000009c       \177USER32_NULL_THUNK_DATA 1000309c     user32:USER32.dll
 0002:000000a0       __imp__timeGetTime@0       100030a0     winmm:WINMM.dll
 0002:000000a4       \177WINMM_NULL_THUNK_DATA  100030a4     winmm:WINMM.dll
 0002:000000a8       __imp__Direct3DCreate9@4   100030a8     d3d9:d3d9.dll
 0002:000000ac       \177d3d9_NULL_THUNK_DATA   100030ac     d3d9:d3d9.dll
 0002:000000b0       ___xc_a                    100030b0     MSVCRT:cinitexe.obj
 0002:000000e8       ___xc_z                    100030e8     MSVCRT:cinitexe.obj
 0002:000000ec       ___xi_a                    100030ec     MSVCRT:cinitexe.obj
 0002:000000f4       ___xi_z                    100030f4     MSVCRT:cinitexe.obj
 0002:00000158       __real@3f50624de0000000    10003158     d3dUtility.obj
 0002:00000160       __real@3f19999a            10003160     d3dUtility.obj
 0002:00000164       __real@3ecccccd            10003164     d3dUtility.obj
 0002:00000168       __real@42c80000            10003168     d3dUtility.obj
 0002:00000170       __real@4000000000000000    10003170     d3dUtility.obj
 0002:00000178       __real@4008000000000000    10003178     d3dUtility.obj
 0002:00000180       __real@3f800000            10003180     d3dUtility.obj
 0002:00000184       __real@3b808081            10003184     d3dUtility.obj
 0002:00000188       __real@41000000            10003188     d3dUtility.obj
 0002:0000018c       __pDefaultRawDllMain       1000318c     MSVCRT:crtdll.obj
 0002:0000018c       __pRawDllMain              1000318c     MSVCRT:crtdll.obj
 0002:00000198       ?ProcessDetach@NativeDll@<CrtImplementationDetails>@@0IB 10003198     MSVCRT:tncleanup.obj
 0002:0000019c       ?ProcessAttach@NativeDll@<CrtImplementationDetails>@@0IB 1000319c     MSVCRT:tncleanup.obj
 0002:000001a0       ?ThreadAttach@NativeDll@<CrtImplementationDetails>@@0IB 100031a0     MSVCRT:tncleanup.obj
 0002:000001a4       ?ThreadDetach@NativeDll@<CrtImplementationDetails>@@0IB 100031a4     MSVCRT:tncleanup.obj
 0002:000001a8       ?ProcessVerifier@NativeDll@<CrtImplementationDetails>@@0IB 100031a8     MSVCRT:tncleanup.obj
 0002:000001b0       __load_config_used         100031b0     MSVCRT:loadcfg.obj
 0002:00000230       ___safe_se_handler_table   10003230     <linker-defined>
 0002:00000238       ___rtc_iaa                 10003238     MSVCRT:initsect.obj
 0002:0000023c       ___rtc_izz                 1000323c     MSVCRT:initsect.obj
 0002:00000240       ___rtc_taa                 10003240     MSVCRT:initsect.obj
 0002:00000244       ___rtc_tzz                 10003244     MSVCRT:initsect.obj
 0002:000002dc       __IMPORT_DESCRIPTOR_USER32 100032dc     user32:USER32.dll
 0002:000002f0       __IMPORT_DESCRIPTOR_d3d9   100032f0     d3d9:d3d9.dll
 0002:00000304       __IMPORT_DESCRIPTOR_WINMM  10003304     winmm:WINMM.dll
 0002:00000318       __IMPORT_DESCRIPTOR_MSVCR80 10003318     MSVCRT:MSVCR80.dll
 0002:0000032c       __IMPORT_DESCRIPTOR_KERNEL32 1000332c     kernel32:KERNEL32.dll
 0002:00000340       __NULL_IMPORT_DESCRIPTOR   10003340     user32:USER32.dll
 0003:00000000       ___security_cookie         10004000     MSVCRT:gs_cookie.obj
 0003:00000004       ___security_cookie_complement 10004004     MSVCRT:gs_cookie.obj
 0003:00000008       ___native_dllmain_reason   10004008     MSVCRT:natstart.obj
 0003:0000000c       ___native_vcclrit_reason   1000400c     MSVCRT:natstart.obj
 0003:00000524       ?__type_info_root_node@@3U__type_info_node@@A 10004524     MSVCRT:tncleanup.obj
 0003:0000052c       __adjust_fdiv              1000452c     <common>
 0003:00000530       ___native_startup_state    10004530     <common>
 0003:00000534       ___native_startup_lock     10004534     <common>
 0003:00000538       ___onexitend               10004538     <common>
 0003:0000053c       ___onexitbegin             1000453c     <common>
 0003:00000540       ___dyn_tls_init_callback   10004540     <common>

 entry point at        0001:00000ec4

 Static symbols

 0001:00000bc2       _pre_c_init                10001bc2 f   MSVCRT:crtdll.obj
 0001:00000dae       ___DllMainCRTStartup       10001dae f   MSVCRT:crtdll.obj
 0001:000013b0       __unwindfunclet$?EnterMsgLoop@MyD3D@@YAHP6A_NM@Z@Z$0 100023b0 f   d3dUtility.obj
 0001:000013be       __ehhandler$?EnterMsgLoop@MyD3D@@YAHP6A_NM@Z@Z 100023be f   d3dUtility.obj
 0001:000013e0       ??__EWHITE@MyD3D@@YAXXZ    100023e0 f   d3dUtility.obj
 0001:00001400       ??__EBLACK@MyD3D@@YAXXZ    10002400 f   d3dUtility.obj
 0001:00001420       ??__ERED@MyD3D@@YAXXZ      10002420 f   d3dUtility.obj
 0001:00001440       ??__EGREEN@MyD3D@@YAXXZ    10002440 f   d3dUtility.obj
 0001:00001460       ??__EBLUE@MyD3D@@YAXXZ     10002460 f   d3dUtility.obj
 0001:00001480       ??__EYELLOW@MyD3D@@YAXXZ   10002480 f   d3dUtility.obj
 0001:000014a0       ??__ECYAN@MyD3D@@YAXXZ     100024a0 f   d3dUtility.obj
 0001:000014c0       ??__EMAGENTA@MyD3D@@YAXXZ  100024c0 f   d3dUtility.obj
 0001:000014e0       ??__EWHITE_MTRL@MyD3D@@YAXXZ 100024e0 f   d3dUtility.obj
 0001:000015d0       ??__ERED_MTRL@MyD3D@@YAXXZ 100025d0 f   d3dUtility.obj
 0001:000016c0       ??__EGREEN_MTRL@MyD3D@@YAXXZ 100026c0 f   d3dUtility.obj
 0001:000017b0       ??__EBLUE_MTRL@MyD3D@@YAXXZ 100027b0 f   d3dUtility.obj
 0001:000018a0       ??__EYELLOW_MTRL@MyD3D@@YAXXZ 100028a0 f   d3dUtility.obj

 Exports

  ordinal    name

        1    ?EnterMsgLoop@MyD3D@@YAHP6A_NM@Z@Z (int __cdecl MyD3D::EnterMsgLoop(bool (__cdecl*)(float)))
        2    ?InitD3D@MyD3D@@YA_NPAUHINSTANCE__@@PAUHWND__@@HH_NW4_D3DDEVTYPE@@PAPAUIDirect3DDevice9@@@Z (bool __cdecl MyD3D::InitD3D(struct HINSTANCE__ *,struct HWND__ *,int,int,bool,enum _D3DDEVTYPE,struct IDirect3DDevice9 * *))
        3    ?InitDirectjonalLight@MyD3D@@YA?AU_D3DLIGHT9@@PAUD3DXVECTOR3@@PAUD3DXCOLOR@@@Z (struct _D3DLIGHT9 __cdecl MyD3D::InitDirectjonalLight(struct D3DXVECTOR3 *,struct D3DXCOLOR *))
        4    ?InitMtrl@MyD3D@@YA?AU_D3DMATERIAL9@@UD3DXCOLOR@@000M@Z (struct _D3DMATERIAL9 __cdecl MyD3D::InitMtrl(struct D3DXCOLOR,struct D3DXCOLOR,struct D3DXCOLOR,struct D3DXCOLOR,float))
        5    ?InitPointLight@MyD3D@@YA?AU_D3DLIGHT9@@PAUD3DXVECTOR3@@PAUD3DXCOLOR@@@Z (struct _D3DLIGHT9 __cdecl MyD3D::InitPointLight(struct D3DXVECTOR3 *,struct D3DXCOLOR *))
        6    ?InitSpotLight@MyD3D@@YA?AU_D3DLIGHT9@@PAUD3DXVECTOR3@@0PAUD3DXCOLOR@@@Z (struct _D3DLIGHT9 __cdecl MyD3D::InitSpotLight(struct D3DXVECTOR3 *,struct D3DXVECTOR3 *,struct D3DXCOLOR *))
