 WireFrame

 Timestamp is 55af96be (Wed Jul 22 21:12:30 2015)

 Preferred load address is 00400000

 Start         Length     Name                   Class
 0001:00000000 00000ce0H .text                   CODE
 0001:00000ce0 00000481H .text$yc                CODE
 0002:00000000 000000f8H .idata$5                DATA
 0002:000000f8 00000004H .CRT$XCA                DATA
 0002:000000fc 00000004H .CRT$XCAA               DATA
 0002:00000100 00000030H .CRT$XCU                DATA
 0002:00000130 00000004H .CRT$XCZ                DATA
 0002:00000134 00000004H .CRT$XIA                DATA
 0002:00000138 00000004H .CRT$XIAA               DATA
 0002:0000013c 00000004H .CRT$XIZ                DATA
 0002:00000140 00000120H .rdata                  DATA
 0002:00000260 00000033H .rdata$debug            DATA
 0002:000002a0 00000004H .rdata$sxdata           DATA
 0002:000002a4 00000004H .rtc$IAA                DATA
 0002:000002a8 00000004H .rtc$IZZ                DATA
 0002:000002ac 00000004H .rtc$TAA                DATA
 0002:000002b0 00000004H .rtc$TZZ                DATA
 0002:000002b8 00000064H .xdata$x                DATA
 0002:0000031c 00000078H .idata$2                DATA
 0002:00000394 00000014H .idata$3                DATA
 0002:000003a8 000000f8H .idata$4                DATA
 0002:000004a0 000004acH .idata$6                DATA
 0002:0000094c 00000000H .edata                  DATA
 0003:00000000 000000a0H .data                   DATA
 0003:000000a0 000004dcH .bss                    DATA

  Address         Publics by Value              Rva+Base       Lib:Object

 0000:00000000       __except_list              00000000     <absolute>
 0000:00000001       ___safe_se_handler_count   00000001     <absolute>
 0000:00009876       __fltused                  00009876     <absolute>
 0000:00009876       __ldused                   00009876     <absolute>
 0000:00000000       ___ImageBase               00400000     <linker-defined>
 0001:00000000       ??0D3DXMATRIX@@QAE@XZ      00401000 f i Main.obj
 0001:00000010       ??0D3DXVECTOR3@@QAE@MMM@Z  00401010 f i Main.obj
 0001:00000030       ??0D3DXCOLOR@@QAE@I@Z      00401030 f i Main.obj
 0001:00000080       ?Setup@@YA_NXZ             00401080 f   Main.obj
 0001:00000160       ?Cleanup@@YAXXZ            00401160 f   Main.obj
 0001:00000180       ?Display@@YA_NM@Z          00401180 f   Main.obj
 0001:000001f0       ?MyWinProc@@YGJPAUHWND__@@IIJ@Z 004011f0 f   Main.obj
 0001:00000220       _WinMain@16                00401220 f   Main.obj
 0001:000003b0       ??$Release@PAUID3DXMesh@@@MyD3D@@YAXPAUID3DXMesh@@@Z 004013b0 f i Main.obj
 0001:000003c2       _RegisterClassA@4          004013c2 f   user32:USER32.dll
 0001:000003c8       _UpdateWindow@4            004013c8 f   user32:USER32.dll
 0001:000003ce       _ShowWindow@8              004013ce f   user32:USER32.dll
 0001:000003d4       _DefWindowProcA@16         004013d4 f   user32:USER32.dll
 0001:000003da       _CreateWindowExA@48        004013da f   user32:USER32.dll
 0001:000003e0       _MessageBoxA@16            004013e0 f   user32:USER32.dll
 0001:000003e6       _LoadIconA@8               004013e6 f   user32:USER32.dll
 0001:000003ec       _PostQuitMessage@4         004013ec f   user32:USER32.dll
 0001:000003f2       _DestroyWindow@4           004013f2 f   user32:USER32.dll
 0001:000003f8       _GetStockObject@4          004013f8 f   gdi32:GDI32.dll
 0001:000003fe       ?InitMtrl@MyD3D@@YA?AU_D3DMATERIAL9@@UD3DXCOLOR@@000M@Z 004013fe f   d3dutility:d3dUtility.dll
 0001:00000404       ?EnterMsgLoop@MyD3D@@YAHP6A_NM@Z@Z 00401404 f   d3dutility:d3dUtility.dll
 0001:0000040a       ?InitD3D@MyD3D@@YA_NPAUHINSTANCE__@@PAUHWND__@@HH_NW4_D3DDEVTYPE@@PAPAUIDirect3DDevice9@@@Z 0040140a f   d3dutility:d3dUtility.dll
 0001:00000410       _D3DXMatrixLookAtLH@16     00401410 f   d3dx9:d3dx9_36.dll
 0001:00000416       _D3DXMatrixPerspectiveFovLH@20 00401416 f   d3dx9:d3dx9_36.dll
 0001:0000041c       _D3DXCreateTeapot@12       0040141c f   d3dx9:d3dx9_36.dll
 0001:00000422       @__security_check_cookie@4 00401422 f   MSVCRT:secchk.obj
 0001:00000431       _NtCurrentTeb              00401431 f i MSVCRT:crtexew.obj
 0001:000007a0       _WinMainCRTStartup         004017a0 f   MSVCRT:crtexew.obj
 0001:000007aa       ___report_gsfailure        004017aa f   MSVCRT:gs_report.obj
 0001:000008ae       __amsg_exit                004018ae f   MSVCRT:MSVCR80.dll
 0001:000008b4       ___getmainargs             004018b4 f   MSVCRT:MSVCR80.dll
 0001:000008ba       __onexit                   004018ba f   MSVCRT:atonexit.obj
 0001:00000959       _atexit                    00401959 f   MSVCRT:atonexit.obj
 0001:0000096b       __RTC_Initialize           0040196b f   MSVCRT:initsect.obj
 0001:0000098f       __RTC_Terminate            0040198f f   MSVCRT:initsect.obj
 0001:000009b4       __cexit                    004019b4 f   MSVCRT:MSVCR80.dll
 0001:000009ba       __exit                     004019ba f   MSVCRT:MSVCR80.dll
 0001:000009c0       __XcptFilter               004019c0 f   MSVCRT:MSVCR80.dll
 0001:000009c6       __ismbblead                004019c6 f   MSVCRT:MSVCR80.dll
 0001:000009cc       _exit                      004019cc f   MSVCRT:MSVCR80.dll
 0001:000009e0       __ValidateImageBase        004019e0 f   MSVCRT:pesect.obj
 0001:00000a10       __FindPESection            00401a10 f   MSVCRT:pesect.obj
 0001:00000a52       __IsNonwritableInCurrentImage 00401a52 f   MSVCRT:pesect.obj
 0001:00000abe       __initterm                 00401abe f   MSVCRT:MSVCR80.dll
 0001:00000ac4       __initterm_e               00401ac4 f   MSVCRT:MSVCR80.dll
 0001:00000acc       __SEH_prolog4              00401acc f   MSVCRT:sehprolg4.obj
 0001:00000b11       __SEH_epilog4              00401b11 f   MSVCRT:sehprolg4.obj
 0001:00000b25       __except_handler4          00401b25 f   MSVCRT:chandler4gs.obj
 0001:00000b48       __configthreadlocale       00401b48 f   MSVCRT:MSVCR80.dll
 0001:00000b4e       __invoke_watson_if_error   00401b4e f i MSVCRT:fp8.obj
 0001:00000b70       __setdefaultprecision      00401b70 f   MSVCRT:fp8.obj
 0001:00000b9a       ___setusermatherr          00401b9a f   MSVCRT:MSVCR80.dll
 0001:00000ba0       __matherr                  00401ba0 f   MSVCRT:merr.obj
 0001:00000ba3       __setargv                  00401ba3 f   MSVCRT:dllargv.obj
 0001:00000ba6       ___p__commode              00401ba6 f   MSVCRT:MSVCR80.dll
 0001:00000bac       ___p__fmode                00401bac f   MSVCRT:MSVCR80.dll
 0001:00000bb2       __encode_pointer           00401bb2 f   MSVCRT:MSVCR80.dll
 0001:00000bb8       ___set_app_type            00401bb8 f   MSVCRT:MSVCR80.dll
 0001:00000bbe       ___security_init_cookie    00401bbe f   MSVCRT:gs_support.obj
 0001:00000c52       __crt_debugger_hook        00401c52 f   MSVCRT:MSVCR80.dll
 0001:00000c58       __unlock                   00401c58 f   MSVCRT:MSVCR80.dll
 0001:00000c5e       ___dllonexit               00401c5e f   MSVCRT:MSVCR80.dll
 0001:00000c64       __lock                     00401c64 f   MSVCRT:MSVCR80.dll
 0001:00000c6a       __decode_pointer           00401c6a f   MSVCRT:MSVCR80.dll
 0001:00000c70       __except_handler4_common   00401c70 f   MSVCRT:MSVCR80.dll
 0001:00000c76       __invoke_watson            00401c76 f   MSVCRT:MSVCR80.dll
 0001:00000c7c       __controlfp_s              00401c7c f   MSVCRT:MSVCR80.dll
 0001:00000c82       _InterlockedExchange@8     00401c82 f   kernel32:KERNEL32.dll
 0001:00000c88       _Sleep@4                   00401c88 f   kernel32:KERNEL32.dll
 0001:00000c8e       _InterlockedCompareExchange@12 00401c8e f   kernel32:KERNEL32.dll
 0001:00000c94       _GetStartupInfoA@4         00401c94 f   kernel32:KERNEL32.dll
 0001:00000c9a       _TerminateProcess@8        00401c9a f   kernel32:KERNEL32.dll
 0001:00000ca0       _GetCurrentProcess@0       00401ca0 f   kernel32:KERNEL32.dll
 0001:00000ca6       _UnhandledExceptionFilter@4 00401ca6 f   kernel32:KERNEL32.dll
 0001:00000cac       _SetUnhandledExceptionFilter@4 00401cac f   kernel32:KERNEL32.dll
 0001:00000cb2       _IsDebuggerPresent@0       00401cb2 f   kernel32:KERNEL32.dll
 0001:00000cb8       _QueryPerformanceCounter@4 00401cb8 f   kernel32:KERNEL32.dll
 0001:00000cbe       _GetTickCount@0            00401cbe f   kernel32:KERNEL32.dll
 0001:00000cc4       _GetCurrentThreadId@0      00401cc4 f   kernel32:KERNEL32.dll
 0001:00000cca       _GetCurrentProcessId@0     00401cca f   kernel32:KERNEL32.dll
 0001:00000cd0       _GetSystemTimeAsFileTime@4 00401cd0 f   kernel32:KERNEL32.dll
 0002:00000000       __imp__GetStockObject@4    00403000     gdi32:GDI32.dll
 0002:00000004       \177GDI32_NULL_THUNK_DATA  00403004     gdi32:GDI32.dll
 0002:00000008       __imp__GetCurrentProcessId@0 00403008     kernel32:KERNEL32.dll
 0002:0000000c       __imp__GetCurrentThreadId@0 0040300c     kernel32:KERNEL32.dll
 0002:00000010       __imp__GetTickCount@0      00403010     kernel32:KERNEL32.dll
 0002:00000014       __imp__GetSystemTimeAsFileTime@4 00403014     kernel32:KERNEL32.dll
 0002:00000018       __imp__IsDebuggerPresent@0 00403018     kernel32:KERNEL32.dll
 0002:0000001c       __imp__SetUnhandledExceptionFilter@4 0040301c     kernel32:KERNEL32.dll
 0002:00000020       __imp__UnhandledExceptionFilter@4 00403020     kernel32:KERNEL32.dll
 0002:00000024       __imp__GetCurrentProcess@0 00403024     kernel32:KERNEL32.dll
 0002:00000028       __imp__QueryPerformanceCounter@4 00403028     kernel32:KERNEL32.dll
 0002:0000002c       __imp__TerminateProcess@8  0040302c     kernel32:KERNEL32.dll
 0002:00000030       __imp__GetStartupInfoA@4   00403030     kernel32:KERNEL32.dll
 0002:00000034       __imp__InterlockedCompareExchange@12 00403034     kernel32:KERNEL32.dll
 0002:00000038       __imp__Sleep@4             00403038     kernel32:KERNEL32.dll
 0002:0000003c       __imp__InterlockedExchange@8 0040303c     kernel32:KERNEL32.dll
 0002:00000040       \177KERNEL32_NULL_THUNK_DATA 00403040     kernel32:KERNEL32.dll
 0002:00000044       __imp___controlfp_s        00403044     MSVCRT:MSVCR80.dll
 0002:00000048       __imp___invoke_watson      00403048     MSVCRT:MSVCR80.dll
 0002:0000004c       __imp___amsg_exit          0040304c     MSVCRT:MSVCR80.dll
 0002:00000050       __imp____getmainargs       00403050     MSVCRT:MSVCR80.dll
 0002:00000054       __imp___cexit              00403054     MSVCRT:MSVCR80.dll
 0002:00000058       __imp___exit               00403058     MSVCRT:MSVCR80.dll
 0002:0000005c       __imp___XcptFilter         0040305c     MSVCRT:MSVCR80.dll
 0002:00000060       __imp___ismbblead          00403060     MSVCRT:MSVCR80.dll
 0002:00000064       __imp__exit                00403064     MSVCRT:MSVCR80.dll
 0002:00000068       __imp___acmdln             00403068     MSVCRT:MSVCR80.dll
 0002:0000006c       __imp___initterm           0040306c     MSVCRT:MSVCR80.dll
 0002:00000070       __imp___initterm_e         00403070     MSVCRT:MSVCR80.dll
 0002:00000074       __imp___configthreadlocale 00403074     MSVCRT:MSVCR80.dll
 0002:00000078       __imp____setusermatherr    00403078     MSVCRT:MSVCR80.dll
 0002:0000007c       __imp___adjust_fdiv        0040307c     MSVCRT:MSVCR80.dll
 0002:00000080       __imp____p__commode        00403080     MSVCRT:MSVCR80.dll
 0002:00000084       __imp____p__fmode          00403084     MSVCRT:MSVCR80.dll
 0002:00000088       __imp___encode_pointer     00403088     MSVCRT:MSVCR80.dll
 0002:0000008c       __imp____set_app_type      0040308c     MSVCRT:MSVCR80.dll
 0002:00000090       __imp___crt_debugger_hook  00403090     MSVCRT:MSVCR80.dll
 0002:00000094       __imp___unlock             00403094     MSVCRT:MSVCR80.dll
 0002:00000098       __imp____dllonexit         00403098     MSVCRT:MSVCR80.dll
 0002:0000009c       __imp___lock               0040309c     MSVCRT:MSVCR80.dll
 0002:000000a0       __imp___onexit             004030a0     MSVCRT:MSVCR80.dll
 0002:000000a4       __imp___decode_pointer     004030a4     MSVCRT:MSVCR80.dll
 0002:000000a8       __imp___except_handler4_common 004030a8     MSVCRT:MSVCR80.dll
 0002:000000ac       \177MSVCR80_NULL_THUNK_DATA 004030ac     MSVCRT:MSVCR80.dll
 0002:000000b0       __imp__DestroyWindow@4     004030b0     user32:USER32.dll
 0002:000000b4       __imp__UpdateWindow@4      004030b4     user32:USER32.dll
 0002:000000b8       __imp__ShowWindow@8        004030b8     user32:USER32.dll
 0002:000000bc       __imp__DefWindowProcA@16   004030bc     user32:USER32.dll
 0002:000000c0       __imp__CreateWindowExA@48  004030c0     user32:USER32.dll
 0002:000000c4       __imp__MessageBoxA@16      004030c4     user32:USER32.dll
 0002:000000c8       __imp__LoadIconA@8         004030c8     user32:USER32.dll
 0002:000000cc       __imp__PostQuitMessage@4   004030cc     user32:USER32.dll
 0002:000000d0       __imp__RegisterClassA@4    004030d0     user32:USER32.dll
 0002:000000d4       \177USER32_NULL_THUNK_DATA 004030d4     user32:USER32.dll
 0002:000000d8       __imp_?EnterMsgLoop@MyD3D@@YAHP6A_NM@Z@Z 004030d8     d3dutility:d3dUtility.dll
 0002:000000dc       __imp_?InitD3D@MyD3D@@YA_NPAUHINSTANCE__@@PAUHWND__@@HH_NW4_D3DDEVTYPE@@PAPAUIDirect3DDevice9@@@Z 004030dc     d3dutility:d3dUtility.dll
 0002:000000e0       __imp_?InitMtrl@MyD3D@@YA?AU_D3DMATERIAL9@@UD3DXCOLOR@@000M@Z 004030e0     d3dutility:d3dUtility.dll
 0002:000000e4       \177d3dUtility_NULL_THUNK_DATA 004030e4     d3dutility:d3dUtility.dll
 0002:000000e8       __imp__D3DXMatrixPerspectiveFovLH@20 004030e8     d3dx9:d3dx9_36.dll
 0002:000000ec       __imp__D3DXCreateTeapot@12 004030ec     d3dx9:d3dx9_36.dll
 0002:000000f0       __imp__D3DXMatrixLookAtLH@16 004030f0     d3dx9:d3dx9_36.dll
 0002:000000f4       \177d3dx9_36_NULL_THUNK_DATA 004030f4     d3dx9:d3dx9_36.dll
 0002:000000f8       ___xc_a                    004030f8     MSVCRT:cinitexe.obj
 0002:00000130       ___xc_z                    00403130     MSVCRT:cinitexe.obj
 0002:00000134       ___xi_a                    00403134     MSVCRT:cinitexe.obj
 0002:0000013c       ___xi_z                    0040313c     MSVCRT:cinitexe.obj
 0002:00000164       ?ProcessDetach@NativeDll@<CrtImplementationDetails>@@0IB 00403164     MSVCRT:initsect.obj
 0002:00000168       ?ProcessAttach@NativeDll@<CrtImplementationDetails>@@0IB 00403168     MSVCRT:initsect.obj
 0002:0000016c       ?ThreadAttach@NativeDll@<CrtImplementationDetails>@@0IB 0040316c     MSVCRT:initsect.obj
 0002:00000170       ?ThreadDetach@NativeDll@<CrtImplementationDetails>@@0IB 00403170     MSVCRT:initsect.obj
 0002:00000174       ?ProcessVerifier@NativeDll@<CrtImplementationDetails>@@0IB 00403174     MSVCRT:initsect.obj
 0002:0000017c       ??_C@_06PJIGMIJB@Client?$AA@ 0040317c     Main.obj
 0002:00000184       ??_C@_0BJ@NKKGKLBO@RegisterClass?$CI?$CJ?5?9?5FAILED?$AA@ 00403184     Main.obj
 0002:000001a0       ??_C@_0BI@OAGKFKIA@CreateWindow?$CI?$CJ?5?9?5FAILED?$AA@ 004031a0     Main.obj
 0002:000001b8       ??_C@_0BD@BIJJKMIG@InitD3D?$CI?$CJ?5?9?5FAILED?$AA@ 004031b8     Main.obj
 0002:000001cc       ??_C@_0BB@JHFOHOIG@Setup?$CI?$CJ?5?9?5FAILED?$AA@ 004031cc     Main.obj
 0002:000001e0       __real@3f800000            004031e0      CIL library: CIL module
 0002:000001e8       __real@3f70101020000000    004031e8      CIL library: CIL module
 0002:000001f0       __real@3fc8f5c3            004031f0      CIL library: CIL module
 0002:000001f4       __real@3faaaaab            004031f4      CIL library: CIL module
 0002:000001f8       __real@447a0000            004031f8      CIL library: CIL module
 0002:000001fc       __real@c0a00000            004031fc      CIL library: CIL module
 0002:00000200       __real@00000000            00403200      CIL library: CIL module
 0002:00000208       __real@0000000000000000    00403208      CIL library: CIL module
 0002:00000210       __real@41000000            00403210      CIL library: CIL module
 0002:00000218       __load_config_used         00403218     MSVCRT:loadcfg.obj
 0002:000002a0       ___safe_se_handler_table   004032a0     <linker-defined>
 0002:000002a4       ___rtc_iaa                 004032a4     MSVCRT:initsect.obj
 0002:000002a8       ___rtc_izz                 004032a8     MSVCRT:initsect.obj
 0002:000002ac       ___rtc_taa                 004032ac     MSVCRT:initsect.obj
 0002:000002b0       ___rtc_tzz                 004032b0     MSVCRT:initsect.obj
 0002:0000031c       __IMPORT_DESCRIPTOR_USER32 0040331c     user32:USER32.dll
 0002:00000330       __IMPORT_DESCRIPTOR_GDI32  00403330     gdi32:GDI32.dll
 0002:00000344       __IMPORT_DESCRIPTOR_d3dUtility 00403344     d3dutility:d3dUtility.dll
 0002:00000358       __IMPORT_DESCRIPTOR_d3dx9_36 00403358     d3dx9:d3dx9_36.dll
 0002:0000036c       __IMPORT_DESCRIPTOR_MSVCR80 0040336c     MSVCRT:MSVCR80.dll
 0002:00000380       __IMPORT_DESCRIPTOR_KERNEL32 00403380     kernel32:KERNEL32.dll
 0002:00000394       __NULL_IMPORT_DESCRIPTOR   00403394     user32:USER32.dll
 0003:00000000       ___security_cookie         00404000     MSVCRT:gs_cookie.obj
 0003:00000004       ___security_cookie_complement 00404004     MSVCRT:gs_cookie.obj
 0003:00000008       ___native_dllmain_reason   00404008     MSVCRT:natstart.obj
 0003:0000000c       ___native_vcclrit_reason   0040400c     MSVCRT:natstart.obj
 0003:00000010       ___globallocalestatus      00404010     MSVCRT:xthdloc.obj
 0003:00000014       ___defaultmatherr          00404014     MSVCRT:merr.obj
 0003:000003e4       __dowildcard               004043e4     MSVCRT:wildcard.obj
 0003:000003e8       __newmode                  004043e8     MSVCRT:_newmode.obj
 0003:000003ec       __commode                  004043ec     MSVCRT:xncommod.obj
 0003:000003f0       __fmode                    004043f0     MSVCRT:xtxtmode.obj
 0003:000003f8       ?Device@@3PAUIDirect3DDevice9@@A 004043f8     Main.obj
 0003:000003fc       ?Teapot@@3PAUID3DXMesh@@A  004043fc     Main.obj
 0003:00000564       __adjust_fdiv              00404564     <common>
 0003:00000568       ___native_startup_state    00404568     <common>
 0003:0000056c       ___native_startup_lock     0040456c     <common>
 0003:00000570       ___onexitend               00404570     <common>
 0003:00000574       ___onexitbegin             00404574     <common>
 0003:00000578       ___dyn_tls_init_callback   00404578     <common>

 entry point at        0001:000007a0

 Static symbols

 0001:00000438       _pre_cpp_init              00401438 f   MSVCRT:crtexew.obj
 0001:00000483       ___tmainCRTStartup         00401483 f   MSVCRT:crtexew.obj
 0001:00000662       _check_managed_app         00401662 f   MSVCRT:crtexew.obj
 0001:000006be       _pre_c_init                004016be f   MSVCRT:crtexew.obj
 0001:00000ce0       ??__EBLACK@MyD3D@@YAXXZ    00401ce0 f    CIL library: CIL module
 0001:00000d10       ??__ERED@MyD3D@@YAXXZ      00401d10 f    CIL library: CIL module
 0001:00000d40       ??__EGREEN@MyD3D@@YAXXZ    00401d40 f    CIL library: CIL module
 0001:00000d70       ??__EBLUE@MyD3D@@YAXXZ     00401d70 f    CIL library: CIL module
 0001:00000da0       ??__EYELLOW@MyD3D@@YAXXZ   00401da0 f    CIL library: CIL module
 0001:00000dc0       ??__ECYAN@MyD3D@@YAXXZ     00401dc0 f    CIL library: CIL module
 0001:00000de0       ??__EMAGENTA@MyD3D@@YAXXZ  00401de0 f    CIL library: CIL module
 0001:00000e00       ??__EWHITE_MTRL@MyD3D@@YAXXZ 00401e00 f    CIL library: CIL module
 0001:00000eb0       ??__ERED_MTRL@MyD3D@@YAXXZ 00401eb0 f    CIL library: CIL module
 0001:00000f60       ??__EGREEN_MTRL@MyD3D@@YAXXZ 00401f60 f    CIL library: CIL module
 0001:00001010       ??__EBLUE_MTRL@MyD3D@@YAXXZ 00402010 f    CIL library: CIL module
 0001:000010c0       ??__EYELLOW_MTRL@MyD3D@@YAXXZ 004020c0 f    CIL library: CIL module
